/root/work/RadioFisher/radiofisher/baofisher.py:497: SyntaxWarning: "is not" with a literal. Did you mean "!="?
  if key is not 'overlap': expt[key] = expt_in[key]
/root/work/RadioFisher/radiofisher/baofisher.py:853: SyntaxWarning: "is not" with a literal. Did you mean "!="?
  if key is not "output_root":
	precompute_for_fisher(): Loading matter P(k)...
/root/work/RadioFisher/radiofisher/baofisher.py:1130: RuntimeWarning: divide by zero encountered in divide
  dP = pk(kgrid + 0.5*dk) / pk(kgrid - 0.5*dk)
/root/work/RadioFisher/radiofisher/baofisher.py:1130: RuntimeWarning: divide by zero encountered in divide
  dP = pk(kgrid + 0.5*dk) / pk(kgrid - 0.5*dk)
[bank] 10/405 done (0.6 min elapsed)
[bank] 20/405 done (1.2 min elapsed)
[bank] 30/405 done (1.8 min elapsed)
[bank] 40/405 done (2.4 min elapsed)
[bank] 50/405 done (2.9 min elapsed)
[bank] 60/405 done (3.5 min elapsed)
[bank] 70/405 done (4.0 min elapsed)
[bank] 80/405 done (4.6 min elapsed)
[bank] 90/405 done (5.2 min elapsed)
[bank] 100/405 done (5.7 min elapsed)
[bank] 110/405 done (6.3 min elapsed)
[bank] 120/405 done (6.9 min elapsed)
[bank] 130/405 done (7.5 min elapsed)
[bank] 140/405 done (8.0 min elapsed)
[bank] 150/405 done (8.6 min elapsed)
[bank] 160/405 done (9.2 min elapsed)
[bank] 170/405 done (9.8 min elapsed)
[bank] 180/405 done (10.4 min elapsed)
[bank] 190/405 done (10.9 min elapsed)
[bank] 200/405 done (11.5 min elapsed)
[bank] 210/405 done (12.2 min elapsed)
[bank] 220/405 done (12.8 min elapsed)
[bank] 230/405 done (13.3 min elapsed)
[bank] 240/405 done (13.9 min elapsed)
[bank] 250/405 done (14.5 min elapsed)
[bank] 260/405 done (15.1 min elapsed)
[bank] 270/405 done (15.7 min elapsed)
[bank] 280/405 done (16.3 min elapsed)
[bank] 290/405 done (16.8 min elapsed)
[bank] 300/405 done (17.4 min elapsed)
[bank] 310/405 done (18.0 min elapsed)
[bank] 320/405 done (18.6 min elapsed)
[bank] 330/405 done (19.2 min elapsed)
[bank] 340/405 done (19.8 min elapsed)
[bank] 350/405 done (20.4 min elapsed)
[bank] 360/405 done (20.9 min elapsed)
[bank] 370/405 done (21.5 min elapsed)
[bank] 380/405 done (22.1 min elapsed)
[bank] 390/405 done (22.7 min elapsed)
[bank] 400/405 done (23.3 min elapsed)
[bank] saved /root/work/bao-noise-tolerance/data/fisher_bank_chime2022_pact2025.npz (23.49 min)
